[2026-08-11 19:16:42:021 ERROR](NettyGameServer.java:434)load config fail!
org.apache.http.conn.HttpHostConnectException: Connect to 127.0.0.1:9000 [/127.0.0.1] failed: Connection refused: connect
	at org.apache.http.impl.conn.HttpClientConnectionOperator.connect(HttpClientConnectionOperator.java:140)
	at org.apache.http.impl.conn.PoolingHttpClientConnectionManager.connect(PoolingHttpClientConnectionManager.java:318)
	at org.apache.http.impl.execchain.MainClientExec.establishRoute(MainClientExec.java:363)
	at org.apache.http.impl.execchain.MainClientExec.execute(MainClientExec.java:219)
	at org.apache.http.impl.execchain.ProtocolExec.execute(ProtocolExec.java:195)
	at org.apache.http.impl.execchain.RetryExec.execute(RetryExec.java:86)
	at org.apache.http.impl.execchain.RedirectExec.execute(RedirectExec.java:108)
	at org.apache.http.impl.client.InternalHttpClient.doExecute(InternalHttpClient.java:184)
	at org.apache.http.impl.client.CloseableHttpClient.execute(CloseableHttpClient.java:82)
	at org.apache.http.impl.client.CloseableHttpClient.execute(CloseableHttpClient.java:106)
	at game.server.config.ServerConfig.getServerConfigInfo(ServerConfig.java:164)
	at game.server.config.ServerConfig.load(ServerConfig.java:147)
	at game.server.NettyGameServer.loadServerConfig(NettyGameServer.java:474)
	at game.server.NettyGameServer.loadConfig(NettyGameServer.java:431)
	at game.server.NettyGameServer.<init>(NettyGameServer.java:148)
	at game.server.NettyGameServer.<init>(NettyGameServer.java:92)
	at game.server.NettyGameServer$Singleton.<init>(NettyGameServer.java:656)
	at game.server.NettyGameServer$Singleton.<clinit>(NettyGameServer.java:651)
	at game.server.NettyGameServer.getInstance(NettyGameServer.java:247)
	at Main.main(Main.java:18)
Caused by: java.net.ConnectException: Connection refused: connect
	at java.net.DualStackPlainSocketImpl.waitForConnect(Native Method)
	at java.net.DualStackPlainSocketImpl.socketConnect(DualStackPlainSocketImpl.java:85)
	at java.net.AbstractPlainSocketImpl.doConnect(AbstractPlainSocketImpl.java:350)
	at java.net.AbstractPlainSocketImpl.connectToAddress(AbstractPlainSocketImpl.java:206)
	at java.net.AbstractPlainSocketImpl.connect(AbstractPlainSocketImpl.java:188)
	at java.net.PlainSocketImpl.connect(PlainSocketImpl.java:172)
	at java.net.SocksSocketImpl.connect(SocksSocketImpl.java:392)
	at java.net.Socket.connect(Socket.java:589)
	at org.apache.http.conn.socket.PlainConnectionSocketFactory.connectSocket(PlainConnectionSocketFactory.java:72)
	at org.apache.http.impl.conn.HttpClientConnectionOperator.connect(HttpClientConnectionOperator.java:123)
	... 19 more
[2026-08-11 19:16:42:033 ERROR](NettyGameServer.java:235)java.lang.RuntimeException: 加载配置错误
at game.server.NettyGameServer.loadConfig(NettyGameServer.java:435)
at game.server.NettyGameServer.<init>(NettyGameServer.java:148)
at game.server.NettyGameServer.<init>(NettyGameServer.java:92)
at game.server.NettyGameServer$Singleton.<init>(NettyGameServer.java:656)
at game.server.NettyGameServer$Singleton.<clinit>(NettyGameServer.java:651)
at game.server.NettyGameServer.getInstance(NettyGameServer.java:247)
at Main.main(Main.java:18)

[2026-08-11 19:16:42:033 ERROR](NettyGameServer.java:236)start server failed
